[www.themillsbbq.com/index.html]
[backblue.gif]
[fade.gif]
[index.html]
[www.themillsbbq.com/css/ambiance.min8445.css]
[www.themillsbbq.com/ressources/images/d161b2f85b7f.png]
[deliver.biz/carte/carte42c5.html]
[www.themillsbbq.com/ressources/images/01caa85cbad6.png]
[www.doordash.com/store/the-mills-milton-1167628.5.delayed]
[www.themillsbbq.com/ressources/images/4c5b188b4db1.png]
[foodling.co/menu/mills-bbq-milton.html]
[www.themillsbbq.com/ressources/images/39100cc533f8.png]
[www.themillsbbq.com/ressources/images/2934d60dd713.jpg]
[www.themillsbbq.com/ressources/images/740341b4ebff.png]
[www.themillsbbq.com/specials.html]
[www.themillsbbq.com/menu.html]
[www.themillsbbq.com/contact.html]
[www.themillsbbq.com/ressources/images/d808943b4226.jpg]
[www.themillsbbq.com/ressources/images/a4b1e84a9e49.jpg]
[www.themillsbbq.com/ressources/images/5287a62a8dc7.png]
[www.themillsbbq.com/ressources/images/4360176699fa.jpg]
[www.themillsbbq.com/ressources/images/5b0982c96feb.jpg]
[www.themillsbbq.com/ressources/images/51feaf03da54.jpg]
[www.themillsbbq.com/ressources/images/24d7fa90455d.jpg]
[www.themillsbbq.com/ressources/images/e20e4d7342cf.png]
[www.themillsbbq.com/terms-conditions.html]
[www.themillsbbq.com/site-map.html]
[maps.googleapis.com/maps/api/jsb1fc]
[www.instagram.com/themillsbbq/indexfef7.html]
[www.facebook.com/themillsbbq/photos/index76a2.html]
[www.google.com/maps/place/104+Tremaine+Rd,+L9T+2W9+Milton/index.html]
[www.themillsbbq.com/AMBIANCE_FBNWQMW54V_bambooBay-grid/js/build/ideo3.min.js]
[www.themillsbbq.com/AMBIANCE_FBNWQMW54V_bambooBay-grid/template/slider/header/owl.option.header.js]
[www.themillsbbq.com/AMBIANCE_FBNWQMW54V_bambooBay-grid/template/js/template.min.js]
[www.themillsbbq.com/index.html]
[www.themillsbbq.com/css/ambiance.min8445.css]
[www.themillsbbq.com/js/PAGE_CEXEP5L1H6.minc84f.js]
[deliver.biz/carte/carte42c5.html]
[www.doordash.com/store/the-mills-milton-1167628.html]
[foodling.co/upload/1627753380-Mills.png]
[foodling.co/assets/css/store5152.css]
[foodling.co/assets/vendor/font-awesome/css/font-awesome.min.css]
[foodling.co/assets/vendor/colorpick/css/colpick.css]
[foodling.co/assets/vendor/iCheck/skins/all.css]
[foodling.co/assets/vendor/chosen/chosen.css]
[foodling.co/assets/vendor/fancybox/source/jquery.fancybox68b3.css]
[foodling.co/assets/vendor/animate.min.css]
[foodling.co/assets/vendor/magnific-popup/magnific-popup.css]
[foodling.co/assets/vendor/intel/build/css/intlTelInput.css]
[foodling.co/assets/vendor/rupee/rupyaINR.css]
[foodling.co/assets/vendor/bootstrap/css/bootstrap.min.css]
[foodling.co/assets/vendor/raty/jquery.raty.css]
[foodling.co/assets/vendor/ionicons-2.0.1/css/ionicons.min.css]
[cdnjs.cloudflare.com/ajax/libs/bootstrap-select/1.9.4/css/bootstrap-select.min.css]
[foodling.co/assets/vendor/nprogress/nprogress.css]
[foodling.co/assets/vendor/justified-gallery/css/justifiedGallery.min.css]
[foodling.co/assets/vendor/EasyAutocomplete/easy-autocomplete.min.css]
[foodling.co/assets/css/store-v22fca.css]
[foodling.co/assets/css/responsivef488.css]
[foodling.co/assets/vendor/typeahead/jquery.typeahead.min.css]
[maps.googleapis.com/maps/api/js21a6]
[foodling.co/upload/1628965376-Map Icon (3).png]
[connect.facebook.net/en_US/fbevents.js]
[foodling.co/upload/1627752005-The Mills BBQ.png]
[foodling.co/assets/images/loading-buffering.gif]
[foodling.co/assets/images/default-food-image-large.png]
[foodling.co/menu/kopper-kettle-bistro-milton.html]
[foodling.co/menu/pretty-rad-milton.html]
[foodling.co/menu/the-ivy-arms-milton.html]
[foodling.co/menu/royal-garden-milton.html]
[foodling.co/menu/mr-mirchi-milton.html]
[foodling.co/assets/vendor/jquery-1.10.2.min.js]
[foodling.co/assets/vendor/jquery-ui-1.11.4/jquery-ui.min.js]
[foodling.co/assets/vendor/DataTables/jquery.dataTables.min.js]
[foodling.co/assets/vendor/DataTables/fnReloadAjax.js]
[foodling.co/assets/vendor/JQV/form-validator/jquery.form-validator.min.js]
[foodling.co/assets/vendor/jquery.ui.timepicker-0.0.8.js]
[foodling.co/assets/vendor/SimpleAjaxUploader.min.js]
[foodling.co/assets/vendor/iCheck/icheck.js]
[foodling.co/assets/vendor/chosen/chosen.jquery.min.js]
[foodling.co/assets/vendor/jquery.printelement.js]
[foodling.co/assets/vendor/fancybox/source/jquery.fancybox68b3.js]
[foodling.co/assets/vendor/jquery.appear.js]
[foodling.co/assets/vendor/magnific-popup/jquery.magnific-popup.js]
[foodling.co/assets/vendor/imagesloaded.pkgd.js]
[foodling.co/assets/vendor/intel/build/js/intlTelInputd63f.js]
[foodling.co/assets/vendor/bootstrap/js/bootstrap.min.js]
[foodling.co/assets/vendor/parallax.js/parallax.min.js]
[foodling.co/assets/vendor/raty/jquery.raty.js]
[cdnjs.cloudflare.com/ajax/libs/bootstrap-select/1.9.4/js/bootstrap-select.min.js]
[foodling.co/assets/vendor/waypoints/jquery.waypoints.min.js]
[foodling.co/assets/vendor/waypoints/shortcuts/infinite.min.js]
[foodling.co/assets/vendor/noty-2.3.7/js/noty/packaged/jquery.noty.packaged.min.js]
[foodling.co/assets/vendor/nprogress/nprogress.js]
[foodling.co/assets/vendor/theia-sticky-sidebar.js]
[foodling.co/assets/vendor/readmore.min.js]
[foodling.co/assets/vendor/justified-gallery/js/jquery.justifiedGallery.min.js]
[foodling.co/assets/vendor/EasyAutocomplete/jquery.easy-autocomplete.min.js]
[foodling.co/assets/vendor/jquery-cookie.js]
[foodling.co/assets/vendor/jquery.mask.js]
[foodling.co/assets/js/store55a0.js]
[foodling.co/assets/js/store-v3324d.js]
[foodling.co/assets/vendor/markercluster.js]
[foodling.co/assets/vendor/jquery.geocomplete.min.js]
[foodling.co/assets/vendor/gmaps.js]
[foodling.co/assets/vendor/typeahead/jquery.typeahead.min.js]
[foodling.co/menu/mills-bbq-milton.html]
[www.themillsbbq.com/css/styles.PAGE_EI9BTFC1R8.min87b0.css]
[www.themillsbbq.com/ressources/images/8198aaf1c8a6.jpg]
[www.themillsbbq.com/ressources/images/d50fb7fe554d.jpg]
[www.themillsbbq.com/ressources/images/f3128a634d12.jpg]
[www.themillsbbq.com/ressources/images/459743aa9464.jpg]
[www.themillsbbq.com/ressources/images/fe7ea8432caf.jpg]
[www.themillsbbq.com/js/PAGE_EI9BTFC1R8.min14c1.js]
[www.themillsbbq.com/specials.html]
[www.themillsbbq.com/js/PAGE_PUL5PM0DXW.minbc9f.js]
[www.themillsbbq.com/menu.html]
[www.google.com/recaptcha/apifef7.js]
[www.themillsbbq.com/js/PAGE_TPXNSZEDAW.mindee5.js]
[www.themillsbbq.com/contact.html]
[www.themillsbbq.com/js/PAGE_3V7GW8COY5.min7da4.js]
[www.themillsbbq.com/terms-conditions.html]
[www.themillsbbq.com/js/PAGE_8FS72JENH5.mind79c.js]
[www.themillsbbq.com/site-map.html]
[static.xx.fbcdn.net/rsrc.php/v3/yl/r/D9RKTb75Fk31f8e.js]
[static.xx.fbcdn.net/rsrc.php/v3/yh/l/0,cross/Uu0mcrx8Rsl4F1Sa8eMA_41f8e.css]
[static.xx.fbcdn.net/rsrc.php/v3iPuL4/yY/l/en_US/IPL7NgeD8xQ1f8e.js]
[static.xx.fbcdn.net/rsrc.php/v3ilIN4/y7/l/en_US/x_mWm7z4Rhe1f8e.js]
[static.xx.fbcdn.net/rsrc.php/v3ihmE4/yU/l/en_US/JSW8Jeka5oixsduURUab3h-lqtYTNBWEpx6BQxnHsJZMLxyWLM_xDms1f8e.js]
[static.xx.fbcdn.net/rsrc.php/v3idBq4/ya/l/en_US/XzIdxJgxbJh1f8e.js]
[static.xx.fbcdn.net/rsrc.php/v3iGWS4/yM/l/en_US/OCllR3eV4ZCGornHwQsdMc78dW8WSaLS62WVByxVqzuJdaz9iA65S4LY6PZ9IsBZEj9KVmLrLAauUCyYne4vI1neUQ_RaoOLbn8OzXtPxVLdJMQB3kuit3xsU1rdP7M]
[static.xx.fbcdn.net/rsrc.php/v3iRjJ4/y6/l/en_US/LE4UZJC1rqJ1f8e.js]
[static.xx.fbcdn.net/rsrc.php/v3i0dP4/yM/l/en_US/Ldh0PcxgVjr1f8e.js]
[static.xx.fbcdn.net/rsrc.php/v3iUa-4/y9/l/en_US/V9DPjR1g6291f8e.js]
[www.facebook.com/themillsbbq/photos/theaustralian.com.au]
[www.facebook.com/themillsbbq/photos/news.com.au]
[www.facebook.com/themillsbbq/photos/kollosche.com.au]
[www.facebook.com/themillsbbq/photos/awstrack.me]
[www.facebook.com/themillsbbq/photos/nlvfGL]
[www.facebook.com/themillsbbq/photos/qVqPtX]
[scontent.fmru3-1.fna.fbcdn.net/v/t1.6435-9/192061763_277680804054190_8357620283104834131_nf5f1.jpg]
[scontent.fmru3-1.fna.fbcdn.net/v/t1.6435-9/fb50/s320x320/192061763_277680804054190_8357620283104834131_nab90.jpg]
[scontent.fmru3-1.fna.fbcdn.net/v/t39.30808-6/252690567_386791276476475_2111644373617446357_n8bda.jpg]
[scontent.fmru3-1.fna.fbcdn.net/v/t39.30808-6/253368877_383645343457735_4446217263629839683_nfe14.jpg]
[scontent.fmru3-1.fna.fbcdn.net/v/t39.30808-6/240591419_354842979671305_1088208326329353684_nd086.jpg]
[scontent.fmru3-1.fna.fbcdn.net/v/t39.30808-6/242246347_350973346724935_5562053152227145723_n2412.jpg]
[scontent.fmru3-1.fna.fbcdn.net/v/t39.30808-6/242594438_355584412930495_5977217551711457109_nc01c.jpg]
[scontent.fmru3-1.fna.fbcdn.net/v/t39.30808-6/245080229_366869091802027_3470850834237251735_ne97a.jpg]
[scontent.fmru3-1.fna.fbcdn.net/v/t39.30808-6/256107004_386791279809808_6426334902431131210_nfbab.jpg]
[scontent.fmru3-1.fna.fbcdn.net/v/t39.30808-6/242852745_354953826326887_5891040989409688071_n9b93.jpg]
[scontent.fmru3-1.fna.fbcdn.net/v/t39.30808-6/241798950_347172517105018_7247110390514157080_n6c74.jpg]
[scontent.fmru3-1.fna.fbcdn.net/v/t39.30808-6/241769798_346723423816594_1364427728899774898_na717.jpg]
[www.facebook.com/themillsbbq/photos/index76a2.html]
[www.instagram.com/static/bundles/metro/ConsumerUICommons.css/544e6e029d31.css]
[www.instagram.com/static/bundles/metro/Consumer.css/0ebd4bbbf8c4.css]
[www.instagram.com/static/bundles/metro/ProfilePageContainer.css/e1022a8bc6b3.css]
[www.instagram.com/static/bundles/metro/Vendor.js/a18d155f0994.js]
[www.instagram.com/static/bundles/metro/en_US.js/7c9a59f5ff15.js]
[www.instagram.com/static/bundles/metro/ConsumerLibCommons.js/d6923b4cffb8.js]
[www.instagram.com/static/bundles/metro/ConsumerUICommons.js/872308fff968.js]
[www.instagram.com/static/bundles/metro/ConsumerAsyncCommons.js/c4ca4238a0b9.js]
[www.instagram.com/static/bundles/metro/Consumer.js/5bcdf65553cb.js]
[www.instagram.com/static/bundles/metro/ProfilePageContainer.js/110457765c2f.js]
[www.instagram.com/static/images/ico/apple-touch-icon-76x76-precomposed.png/666282be8229.png]
[www.instagram.com/static/images/ico/apple-touch-icon-120x120-precomposed.png/8a5bd3f267b1.png]
[www.instagram.com/static/images/ico/apple-touch-icon-152x152-precomposed.png/68193576ffc5.png]
[www.instagram.com/static/images/ico/apple-touch-icon-167x167-precomposed.png/4985e31c9100.png]
[www.instagram.com/static/images/ico/apple-touch-icon-180x180-precomposed.png/c06fdb2357bd.png]
[www.instagram.com/static/images/ico/favicon-192.png/68d99ba29cc8.png]
[www.instagram.com/static/bundles/metro/Polyfills.js/cb5e97686d42.js]
[www.instagram.com/themillsbbq/indexfef7.html]
[www.instagram.com/themillsbbq/index.html]
[www.instagram.com/themillsbbq/indexa209.html]
[www.instagram.com/themillsbbq/index7d7c.html]
[www.instagram.com/themillsbbq/index0016.html]
[www.google.com/maps/place/104+Tremaine+Rd,+L9T+2W9+Milton/GET.html]
[www.gstatic.com/images/icons/material/system/2x/mode_edit_googblue_24dp.png]
[www.gstatic.com/images/icons/material/system/2x/location_off_googblue_24dp.png]
[ssl.gstatic.com/gb/images/b_8d5afc09.png]
[maps.gstatic.com/tactile/basepage/pegman_sherlock.png]
[www.google.com/maps/place/104+Tremaine+Rd,+L9T+2W9+Milton/index.html]
[foodling.co/assets/images/b-1.jpg]
[foodling.co/assets/images/bg-transparent.png]
[foodling.co/assets/images/top-scroller.png]
[foodling.co/assets/images/Preloader_2.gif]
[foodling.co/assets/css/store5152.css]
[ajax.googleapis.com/ajax/libs/jqueryui/1.8.1/themes/base/images/ui-anim_basic_16x16.gif]
[ajax.googleapis.com/ajax/libs/jqueryui/1.8.1/themes/base/images/ui-bg_flat_75_ffffff_40x100.png]
[ajax.googleapis.com/ajax/libs/jqueryui/1.8.1/themes/base/images/ui-bg_highlight-soft_75_cccccc_1x100.png]
[ajax.googleapis.com/ajax/libs/jqueryui/1.8.1/themes/base/images/ui-bg_glass_75_e6e6e6_1x400.png]
[ajax.googleapis.com/ajax/libs/jqueryui/1.8.1/themes/base/images/ui-bg_glass_75_dadada_1x400.png]
[www.google.com/maps/place/104+Tremaine+Rd,+L9T+2W9+Milton/chrome-extension_/index.html]
[ajax.googleapis.com/ajax/libs/jqueryui/1.8.1/themes/base/images/ui-bg_glass_65_ffffff_1x400.png]
[ajax.googleapis.com/ajax/libs/jqueryui/1.8.1/themes/base/images/ui-bg_glass_55_fbf9ee_1x400.png]
[ajax.googleapis.com/ajax/libs/jqueryui/1.8.1/themes/base/images/ui-bg_glass_95_fef1ec_1x400.png]
[ajax.googleapis.com/ajax/libs/jqueryui/1.8.1/themes/base/images/ui-icons_222222_256x240.png]
[ajax.googleapis.com/ajax/libs/jqueryui/1.8.1/themes/base/images/ui-icons_888888_256x240.png]
[ajax.googleapis.com/ajax/libs/jqueryui/1.8.1/themes/base/images/ui-icons_454545_256x240.png]
[ajax.googleapis.com/ajax/libs/jqueryui/1.8.1/themes/base/images/ui-icons_2e83ff_256x240.png]
[ajax.googleapis.com/ajax/libs/jqueryui/1.8.1/themes/base/images/ui-icons_cd0a0a_256x240.png]
[ajax.googleapis.com/ajax/libs/jqueryui/1.8.1/themes/base/images/ui-bg_flat_0_aaaaaa_40x100.png]
[ajax.googleapis.com/ajax/libs/jqueryui/1.8.1/themes/base/jquery-ui.css]
[foodling.co/assets/vendor/font-awesome/css/font-awesome.min.css]
[foodling.co/assets/vendor/colorpick/css/colpick.css]
[foodling.co/assets/vendor/iCheck/skins/minimal/_all.css]
[foodling.co/assets/vendor/iCheck/skins/square/_all.css]
[foodling.co/assets/vendor/iCheck/skins/flat/_all.css]
[foodling.co/assets/vendor/iCheck/skins/line/_all.css]
[foodling.co/assets/vendor/iCheck/skins/polaris/polaris.css]
[foodling.co/assets/vendor/iCheck/skins/futurico/futurico.css]
[foodling.co/assets/vendor/iCheck/skins/all.css]
[foodling.co/assets/vendor/chosen/chosen-sprite.png]
[foodling.co/assets/vendor/chosen/chosen-sprite@2x.png]
[foodling.co/assets/vendor/chosen/chosen.css]
[foodling.co/assets/vendor/fancybox/source/fancybox_sprite.png]
[foodling.co/assets/vendor/fancybox/source/fancybox_loading.gif]
[foodling.co/assets/vendor/fancybox/source/blank.gif]
[foodling.co/assets/vendor/fancybox/source/fancybox_overlay.png]
[foodling.co/assets/vendor/fancybox/source/fancybox_sprite@2x.png]
[foodling.co/assets/vendor/fancybox/source/fancybox_loading@2x.gif]
[foodling.co/assets/vendor/fancybox/source/jquery.fancybox68b3.css]
[foodling.co/assets/vendor/animate.min.css]
[foodling.co/assets/vendor/magnific-popup/magnific-popup.css]
[foodling.co/assets/vendor/intel/build/img/flags.png]
[foodling.co/assets/vendor/intel/build/img/flags@2x.png]
[foodling.co/assets/vendor/intel/build/css/intlTelInput.css]
[foodling.co/assets/vendor/rupee/rupyaINR.eot]
[foodling.co/assets/vendor/rupee/rupyaINR.ttf]
[foodling.co/assets/vendor/rupee/rupyaINR.woff]
[foodling.co/assets/vendor/rupee/rupyaINR.css]
[foodling.co/assets/vendor/bootstrap/css/bootstrap.min.css]
[foodling.co/assets/vendor/rupee/rupyaINR.svg]
[foodling.co/assets/vendor/raty/fonts/raty.eot]
[foodling.co/assets/vendor/raty/fonts/ratyd41d.eot]
[foodling.co/assets/vendor/raty/fonts/raty.svg]
[foodling.co/assets/vendor/raty/fonts/raty.ttf]
[foodling.co/assets/vendor/raty/fonts/raty.woff]
[foodling.co/assets/vendor/raty/jquery.raty.css]
[foodling.co/assets/vendor/ionicons-2.0.1/css/ionicons.min.css]
[cdnjs.cloudflare.com/ajax/libs/bootstrap-select/1.9.4/css/bootstrap-select.min.css]
[foodling.co/assets/vendor/nprogress/nprogress.css]
[foodling.co/assets/vendor/justified-gallery/css/justifiedGallery.min.css]
[foodling.co/assets/vendor/EasyAutocomplete/easy-autocomplete.min.css]
[foodling.co/assets/images/grey-bg.png]
[foodling.co/assets/images/byaddress.png]
[foodling.co/assets/images/byname.png]
[foodling.co/assets/images/bystreet.png]
[foodling.co/assets/images/bycuisine.png]
[foodling.co/assets/images/byfood.png]
[foodling.co/assets/images/section1-bg.png]
[foodling.co/assets/images/Coffee-cup.gif]
[foodling.co/assets/images/star.png]
[foodling.co/assets/images/your-order.png]
[foodling.co/assets/images/delivery-option.png]
[foodling.co/assets/images/cart.png]
[foodling.co/assets/images/cart-hover.png]
[foodling.co/assets/images/bg_country.jpg]
[foodling.co/assets/images/credit-card-sprite.png]
[foodling.co/assets/css/store-v22fca.css]
[foodling.co/assets/css/responsivef488.css]
[foodling.co/assets/vendor/typeahead/jquery.typeahead.min.css]
[foodling.co/menu/c.html]
[foodling.co/menu/b.html]
[connect.facebook.net/en_US/fbevents.js]
[foodling.co/menu/kopper-kettle-bistro-milton.html]
[foodling.co/menu/POST.html]
[foodling.co/upload/1627753439-6.png]
[foodling.co/upload/1627711257-Mr. Mirchi (2).png]
[foodling.co/menu/pretty-rad-milton.html]
[foodling.co/menu/the-ivy-arms-milton.html]
[foodling.co/menu/royal-garden-milton.html]
[foodling.co/menu/mr-mirchi-milton.html]
[www.themillsbbq.com/css/styles.PAGE_EI9BTFC1R8.min87b0.css]
[foodling.co/cdn-cgi/scripts/5c5dd728/cloudflare-static/email-decode.min.js]
[static.xx.fbcdn.net/rsrc.php/v3/yV/r/iIDhJvBtnd2.png]
[static.xx.fbcdn.net/rsrc.php/v3/yC/r/AZH95Ag9dVW.png]
[static.xx.fbcdn.net/rsrc.php/v3/yQ/r/Gue48NUXNl9.png]
[static.xx.fbcdn.net/rsrc.php/v3/yR/r/dxFlT4l_X20.png]
[static.xx.fbcdn.net/rsrc.php/v3/yI/r/5HgTOJhXW8C.png]
[static.xx.fbcdn.net/rsrc.php/v3/yq/r/HzazvPIgaOy.png]
[static.xx.fbcdn.net/rsrc.php/v3/yY/r/dh8bA64r1AS.png]
[static.xx.fbcdn.net/rsrc.php/v3/yM/r/EjrwCu92I94.gif]
[static.xx.fbcdn.net/rsrc.php/v3/yP/r/UxH_3DJCcJm.png]
[static.xx.fbcdn.net/rsrc.php/v3/yq/r/0S3nmpPgtuW.png]
[static.xx.fbcdn.net/rsrc.php/v3/yz/r/VcZ8cIjSOJ6.png]
[static.xx.fbcdn.net/rsrc.php/v3/ye/r/rarNT4TsFVA.png]
[static.xx.fbcdn.net/rsrc.php/v3/y0/r/oqA9cSXjRw1.png]
[static.xx.fbcdn.net/rsrc.php/v3/yU/r/Er6eGbEPCv-.png]
[static.xx.fbcdn.net/rsrc.php/v3/yD/r/Evy0SOUbBaA.png]
[static.xx.fbcdn.net/rsrc.php/v3/yR/r/7JhrtkiP9d_.png]
[static.xx.fbcdn.net/rsrc.php/v3/yd/r/LODYhkSZb76.png]
[static.xx.fbcdn.net/rsrc.php/v3/yn/r/EOUF3oTXGiI.png]
[static.xx.fbcdn.net/rsrc.php/v3/yp/r/SKpyvX_8tdR.png]
[static.xx.fbcdn.net/rsrc.php/v3/yL/r/5MjmHrGv9Dw.png]
[static.xx.fbcdn.net/rsrc.php/v3/yx/r/sSAFPbF_1O8.png]
[static.xx.fbcdn.net/rsrc.php/v3/yt/r/DzMK-Cm0nW9.png]
[static.xx.fbcdn.net/rsrc.php/v3/yL/r/5J3un1RctgX.png]
[static.xx.fbcdn.net/rsrc.php/v3/yr/r/tPqEYRQHWsa.png]
[static.xx.fbcdn.net/rsrc.php/v3/yJ/r/jqmjYt3oQXX.png]
[static.xx.fbcdn.net/rsrc.php/v3/y8/r/Vmd3v13PTLP.png]
[static.xx.fbcdn.net/rsrc.php/v3/yV/r/IJYgcESal33.png]
[static.xx.fbcdn.net/rsrc.php/v3/yh/l/0,cross/Uu0mcrx8Rsl4F1Sa8eMA_41f8e.css]
[www.facebook.com/themillsbbq/photos/^([^_/indexd41d.html]
[www.facebook.com/themillsbbq/photos/chrome-extension_/index.html]
[www.facebook.com/themillsbbq/photos/GET.ff.delayed]
[static.xx.fbcdn.net/rsrc.php/v3/yl/r/D9RKTb75Fk31f8e.js]
[static.xx.fbcdn.net/rsrc.php/v3iGWS4/yM/l/en_US/OCllR3eV4ZCGornHwQsdMc78dW8WSaLS62WVByxVqzuJdaz9iA65S4LY6PZ9IsBZEj9KVmLrLAauUCyYne4vI1neUQ_RaoOLbn8OzXtPxVLdJMQB3kuit3xsU1rdP7M]
[www.facebook.com/themillsbbq/photos/gqls/index.html]
[www.facebook.com/themillsbbq/photos/l/index.html]
[www.facebook.com/themillsbbq/photos/ABCDEFGHIJKLMNOPQRSTUVWXYZabcdefghijklmnopqrstuvwxyz0123456789+/index.html]
[www.facebook.com/themillsbbq/photos/e.name]
[www.facebook.com/themillsbbq/photos/a]
[static.xx.fbcdn.net/rsrc.php/v3iPuL4/yY/l/en_US/IPL7NgeD8xQ1f8e.js]
[www.facebook.com/themillsbbq/photos/$&/index.html]
[www.facebook.com/themillsbbq/photos/a.url]
[static.xx.fbcdn.net/rsrc.php/v3ilIN4/y7/l/en_US/x_mWm7z4Rhe1f8e.js]
[static.xx.fbcdn.net/rsrc.php/v3ihmE4/yU/l/en_US/JSW8Jeka5oixsduURUab3h-lqtYTNBWEpx6BQxnHsJZMLxyWLM_xDms1f8e.js]
[static.xx.fbcdn.net/rsrc.php/v3idBq4/ya/l/en_US/XzIdxJgxbJh1f8e.js]
[static.xx.fbcdn.net/rsrc.php/v3iRjJ4/y6/l/en_US/LE4UZJC1rqJ1f8e.js]
[static.xx.fbcdn.net/rsrc.php/v3i0dP4/yM/l/en_US/Ldh0PcxgVjr1f8e.js]
[www.facebook.com/images/pages/finch/cover_placeholder-2x.png]
[static.xx.fbcdn.net/rsrc.php/v3iUa-4/y9/l/en_US/V9DPjR1g6291f8e.js]
[www.facebook.com/themillsbbq/photos/theaustralian.com.html]
[www.facebook.com/themillsbbq/photos/news.com.html]
[www.facebook.com/themillsbbq/photos/kollosche.com.html]
[www.facebook.com/themillsbbq/photos/awstrack.html]
[www.facebook.com/themillsbbq/photos/nlvfGL.html]
[www.facebook.com/themillsbbq/photos/qVqPtX.html]
[www.instagram.com/static/bundles/metro/sprite_wellbeing_6af9c5060ebc.png/6af9c5060ebc.png]
[www.instagram.com/static/bundles/metro/sprite_wellbeing_2x_c0241d394c59.png/c0241d394c59.png]
[www.facebook.com/themillsbbq/photos/CometPageLikeButton/index.html]
[www.instagram.com/static/bundles/metro/sprite_stories_ce36b733f814.png/ce36b733f814.png]
[www.instagram.com/static/bundles/metro/sprite_stories_2x_5b2f74f4bf86.png/5b2f74f4bf86.png]
[www.instagram.com/static/bundles/metro/sprite_nametag_ff60b6c57870.png/ff60b6c57870.png]
[www.instagram.com/static/bundles/metro/sprite_nametag_2x_69c195e9ff3c.png/69c195e9ff3c.png]
[www.instagram.com/static/bundles/metro/sprite_mediatypes_65c15d7731ea.png/65c15d7731ea.png]
[www.instagram.com/static/bundles/metro/sprite_mediatypes_2x_3be21f338c88.png/3be21f338c88.png]
[www.instagram.com/static/bundles/metro/sprite_loggedout_a703f1117d10.png/a703f1117d10.png]
[www.instagram.com/static/bundles/metro/sprite_loggedout_2x_e70a937de99d.png/e70a937de99d.png]
[www.instagram.com/static/bundles/metro/sprite_glyphs_42be7ea14768.png/42be7ea14768.png]
[www.instagram.com/static/bundles/metro/sprite_glyphs_2x_77929eccc37e.png/77929eccc37e.png]
[www.instagram.com/static/bundles/metro/sprite_debuginfo_04482f505972.png/04482f505972.png]
[www.instagram.com/static/bundles/metro/sprite_debuginfo_2x_24b85a13663c.png/24b85a13663c.png]
[www.instagram.com/static/bundles/metro/sprite_core_32f0a4f27407.png/32f0a4f27407.png]
[www.instagram.com/static/bundles/metro/ConsumerUICommons.css/544e6e029d31.css]
[www.instagram.com/static/bundles/metro/sprite_core_2x_bcd90c1d4868.png/bcd90c1d4868.png]
[www.instagram.com/static/bundles/metro/sprite_video_2fdc79aa66b0.png/2fdc79aa66b0.png]
[www.instagram.com/static/bundles/metro/sprite_video_2x_4ca1223795d3.png/4ca1223795d3.png]
[www.instagram.com/static/images/rainbowGradient.png/558818d23695.png]
[www.instagram.com/static/images/homepage/home-phones.png/43cc71bb1b43.png]
[www.instagram.com/static/images/homepage/home-phones@2x.png/9364675fb26a.png]
[www.instagram.com/static/bundles/metro/sprite_payments_70cdf3ed970e.png/70cdf3ed970e.png]
[www.instagram.com/static/bundles/metro/shimmer-dark_da4ad644f34a.gif/da4ad644f34a.gif]
[www.instagram.com/static/bundles/metro/Consumer.css/0ebd4bbbf8c4.css]
[www.instagram.com/static/bundles/metro/sprite_payments_2x_b54ac2e84c57.png/b54ac2e84c57.png]
[www.instagram.com/static/bundles/metro/sprite_felix_4800bc114a3a.png/4800bc114a3a.png]
[www.instagram.com/static/bundles/metro/ProfilePageContainer.css/e1022a8bc6b3.css]
[www.instagram.com/themillsbbq/GET.html]
[www.instagram.com/themillsbbq/android-app_/com.instagram.android/https/instagram.com/_u/themillsbbq/index.html]
[www.instagram.com/themillsbbq/index.html]
[www.instagram.com/static/bundles/metro/sprite_felix_2x_90d41aa74a11.png/90d41aa74a11.png]
[www.instagram.com/themillsbbq/index7d7c.html]
[www.instagram.com/static/bundles/metro/fr_FR.js/fbcf116a2a87.js]
[www.instagram.com/themillsbbq/indexa209.html]
[www.instagram.com/static/bundles/metro/it_IT.js/0b14b6e74307.js]
[www.instagram.com/themillsbbq/index0016.html]
[www.instagram.com/themillsbbq/indexde3a.html]
[www.instagram.com/themillsbbq/index0b8e.html]
[www.instagram.com/themillsbbq/indexf854.html]
[www.instagram.com/themillsbbq/index9e29.html]
[www.instagram.com/themillsbbq/index232e.html]
[www.instagram.com/themillsbbq/index28b7.html]
[www.instagram.com/themillsbbq/index6dd3.html]
[www.instagram.com/themillsbbq/indexc581.html]
[www.instagram.com/themillsbbq/index539c.html]
[www.instagram.com/themillsbbq/indexecc8.html]
[www.instagram.com/themillsbbq/indexaaeb.html]
[www.instagram.com/themillsbbq/indexdc29.html]
[www.instagram.com/themillsbbq/index014b.html]
[www.instagram.com/themillsbbq/indexc91a.html]
[www.instagram.com/themillsbbq/index0cf2.html]
[www.instagram.com/themillsbbq/index7c40.html]
[www.instagram.com/themillsbbq/index4017.html]
[www.instagram.com/themillsbbq/index5a9d.html]
[www.instagram.com/themillsbbq/indexb2db.html]
[www.instagram.com/themillsbbq/index9201.html]
[www.instagram.com/themillsbbq/index1672.html]
[www.instagram.com/themillsbbq/index5083.html]
[www.instagram.com/themillsbbq/index7a92.html]
[www.instagram.com/themillsbbq/indexc13b.html]
[www.instagram.com/themillsbbq/index9e3e.html]
[www.instagram.com/themillsbbq/index9841.html]
[www.instagram.com/themillsbbq/indexd294.html]
[www.instagram.com/themillsbbq/index0f5d.html]
[www.instagram.com/themillsbbq/indexad0b.html]
[www.instagram.com/themillsbbq/index5303.html]
[www.instagram.com/themillsbbq/indexdb1e.html]
[www.instagram.com/themillsbbq/indexe9b2.html]
[www.instagram.com/themillsbbq/indexff11.html]
[www.instagram.com/themillsbbq/indexf857.html]
[www.instagram.com/themillsbbq/index882e.html]
[www.instagram.com/themillsbbq/index6c7f.html]
[www.instagram.com/themillsbbq/index241a.html]
[www.instagram.com/themillsbbq/index327f.html]
[www.instagram.com/themillsbbq/index3a7e.html]
[www.instagram.com/themillsbbq/index030f.html]
[www.instagram.com/themillsbbq/indexb058.html]
[www.instagram.com/themillsbbq/index9d29.html]
[www.instagram.com/themillsbbq/index0fe5.html]
[www.instagram.com/themillsbbq/index2a81.html]
[www.instagram.com/themillsbbq/indexc4e8.html]
[www.instagram.com/themillsbbq/index53ad.html]
[www.instagram.com/themillsbbq/index9d00.html]
[www.instagram.com/themillsbbq/indexf4a3.html]
[www.instagram.com/themillsbbq/indexfafd.html]
[www.instagram.com/themillsbbq/index514d.html]
[www.instagram.com/themillsbbq/POST.html]
[www.instagram.com/static/bundles/metro/de_DE.js/4f4af21d6612.js]
[www.google.com/maps/place/104+Tremaine+Rd,+L9T+2W9+Milton/chrome-extension_/index.html]
[www.google.com/maps/place/104+Tremaine+Rd,+L9T+2W9+Milton/GET.html]
[lh4.googleusercontent.com/-9b1qX9x3M5E/AAAAAAAAAAI/AAAAAAAAAAA/nvamq4fDlqI/s44-p-k-no-ns-nd/photo.html]
[lh5.googleusercontent.com/-iJ9E0fWMLTs/AAAAAAAAAAI/AAAAAAAAAAA/q9R7VrV1vIs/s44-p-k-no-ns-nd/photo.html]
[www.ubereats.com/ca/toronto/food-delivery/the-mills/ynJr-olTSxy6oYNmxKrHAA7a56]
[www.google.com/maps/place/104+Tremaine+Rd,+L9T+2W9+Milton/chrome-extension_/GET.html]
[foodling.co/assets/vendor/iCheck/skins/minimal/minimal.png]
[foodling.co/assets/vendor/iCheck/skins/minimal/minimal@2x.png]
[foodling.co/assets/vendor/iCheck/skins/minimal/red.png]
[www.google.com/maps/place/104+Tremaine+Rd,+L9T+2W9+Milton/chrome-extension_/chrome-extension_/index.html]
[foodling.co/assets/vendor/iCheck/skins/minimal/red@2x.png]
[foodling.co/assets/vendor/iCheck/skins/minimal/green.png]
[foodling.co/assets/vendor/iCheck/skins/minimal/green@2x.png]
[foodling.co/assets/vendor/iCheck/skins/minimal/blue.png]
[foodling.co/assets/vendor/iCheck/skins/minimal/blue@2x.png]
[foodling.co/assets/vendor/iCheck/skins/minimal/aero.png]
[foodling.co/assets/vendor/iCheck/skins/minimal/aero@2x.png]
[foodling.co/assets/vendor/iCheck/skins/minimal/grey.png]
[foodling.co/assets/vendor/iCheck/skins/minimal/grey@2x.png]
[foodling.co/assets/vendor/iCheck/skins/minimal/orange.png]
[foodling.co/assets/vendor/iCheck/skins/minimal/orange@2x.png]
[foodling.co/assets/vendor/iCheck/skins/minimal/yellow.png]
[foodling.co/assets/vendor/iCheck/skins/minimal/yellow@2x.png]
[foodling.co/assets/vendor/iCheck/skins/minimal/pink.png]
[foodling.co/assets/vendor/iCheck/skins/minimal/pink@2x.png]
[foodling.co/assets/vendor/iCheck/skins/minimal/purple.png]
[foodling.co/assets/vendor/iCheck/skins/minimal/purple@2x.png]
[foodling.co/assets/vendor/iCheck/skins/minimal/_all.css]
[foodling.co/assets/vendor/iCheck/skins/square/square.png]
[foodling.co/assets/vendor/iCheck/skins/square/square@2x.png]
[foodling.co/assets/vendor/iCheck/skins/square/red.png]
[foodling.co/assets/vendor/iCheck/skins/square/red@2x.png]
[foodling.co/assets/vendor/iCheck/skins/square/green.png]
[foodling.co/assets/vendor/iCheck/skins/square/green@2x.png]
[foodling.co/assets/vendor/iCheck/skins/square/blue.png]
[foodling.co/assets/vendor/iCheck/skins/square/blue@2x.png]
[foodling.co/assets/vendor/iCheck/skins/square/aero.png]
[foodling.co/assets/vendor/iCheck/skins/square/aero@2x.png]
[foodling.co/assets/vendor/iCheck/skins/square/grey.png]
[foodling.co/assets/vendor/iCheck/skins/square/grey@2x.png]
[foodling.co/assets/vendor/iCheck/skins/square/orange.png]
[foodling.co/assets/vendor/iCheck/skins/square/orange@2x.png]
[foodling.co/assets/vendor/iCheck/skins/square/yellow.png]
[foodling.co/assets/vendor/iCheck/skins/square/yellow@2x.png]
[foodling.co/assets/vendor/iCheck/skins/square/pink.png]
[foodling.co/assets/vendor/iCheck/skins/square/pink@2x.png]
[foodling.co/assets/vendor/iCheck/skins/square/purple.png]
[foodling.co/assets/vendor/iCheck/skins/square/purple@2x.png]
[foodling.co/assets/vendor/iCheck/skins/square/_all.css]
[foodling.co/assets/vendor/iCheck/skins/flat/flat.png]
[foodling.co/assets/vendor/iCheck/skins/flat/flat@2x.png]
[foodling.co/assets/vendor/iCheck/skins/flat/red.png]
[foodling.co/assets/vendor/iCheck/skins/flat/red@2x.png]
[foodling.co/assets/vendor/iCheck/skins/flat/green.png]
[foodling.co/assets/vendor/iCheck/skins/flat/green@2x.png]
[foodling.co/assets/vendor/iCheck/skins/flat/blue.png]
[foodling.co/assets/vendor/iCheck/skins/flat/blue@2x.png]
[foodling.co/assets/vendor/iCheck/skins/flat/aero.png]
[foodling.co/assets/vendor/iCheck/skins/flat/aero@2x.png]
[foodling.co/assets/vendor/iCheck/skins/flat/grey.png]
[foodling.co/assets/vendor/iCheck/skins/flat/grey@2x.png]
[foodling.co/assets/vendor/iCheck/skins/flat/orange.png]
[foodling.co/assets/vendor/iCheck/skins/flat/orange@2x.png]
[foodling.co/assets/vendor/iCheck/skins/flat/yellow.png]
[foodling.co/assets/vendor/iCheck/skins/flat/yellow@2x.png]
[foodling.co/assets/vendor/iCheck/skins/flat/pink.png]
[foodling.co/assets/vendor/iCheck/skins/flat/pink@2x.png]
[foodling.co/assets/vendor/iCheck/skins/flat/purple.png]
[foodling.co/assets/vendor/iCheck/skins/flat/purple@2x.png]
[foodling.co/assets/vendor/iCheck/skins/flat/_all.css]
[foodling.co/assets/vendor/iCheck/skins/line/line.png]
[foodling.co/assets/vendor/iCheck/skins/line/line@2x.png]
[foodling.co/assets/vendor/iCheck/skins/line/_all.css]
[foodling.co/assets/vendor/iCheck/skins/polaris/polaris.png]
[foodling.co/assets/vendor/iCheck/skins/polaris/polaris@2x.png]
[foodling.co/assets/vendor/iCheck/skins/polaris/polaris.css]
[foodling.co/assets/vendor/iCheck/skins/futurico/futurico.png]
[foodling.co/assets/vendor/iCheck/skins/futurico/futurico@2x.png]
[foodling.co/assets/vendor/iCheck/skins/futurico/futurico.css]
[foodling.co/assets/vendor/rupee/rupyaINR.svg]
[foodling.co/assets/vendor/raty/fonts/raty.svg]
[foodling.co/menu/c.html]
[foodling.co/menu/b.html]
[foodling.co/menu/POST.html]
[www.facebook.com/themillsbbq/photos/chrome-extension_/index.html]
[www.facebook.com/themillsbbq/photos/^([^_/indexd41d.html]
[www.facebook.com/themillsbbq/photos/GET.html]
[www.facebook.com/themillsbbq/photos/gqls/index.html]
[www.facebook.com/themillsbbq/photos/l/index.html]
[www.facebook.com/themillsbbq/photos/ABCDEFGHIJKLMNOPQRSTUVWXYZabcdefghijklmnopqrstuvwxyz0123456789+/index.html]
[www.facebook.com/themillsbbq/photos/e.html]
[www.facebook.com/themillsbbq/photos/a.html]
[www.facebook.com/themillsbbq/photos/$&/index.html]
[www.facebook.com/themillsbbq/photos/a-2.html]
[www.facebook.com/themillsbbq/photos/CometPageLikeButton/index.html]
[www.google.com/maps/place/104+Tremaine+Rd,+L9T+2W9+Milton/chrome-extension_/chrome-extension_/index.html]
[www.google.com/maps/place/104+Tremaine+Rd,+L9T+2W9+Milton/chrome-extension_/GET.html]
[www.google.com/maps/place/104+Tremaine+Rd,+L9T+2W9+Milton/chrome-extension_/chrome-extension_/chrome-extension_/index.html]
[www.google.com/maps/place/104+Tremaine+Rd,+L9T+2W9+Milton/chrome-extension_/chrome-extension_/GET.html]
[www.google.com/maps/place/104+Tremaine+Rd,+L9T+2W9+Milton/chrome-extension_/chrome-extension_/chrome-extension_/chrome-extension_/index.html]
[www.google.com/maps/place/104+Tremaine+Rd,+L9T+2W9+Milton/chrome-extension_/chrome-extension_/chrome-extension_/index.html]
[www.google.com/maps/place/104+Tremaine+Rd,+L9T+2W9+Milton/chrome-extension_/chrome-extension_/GET.html]
[www.google.com/maps/place/104+Tremaine+Rd,+L9T+2W9+Milton/chrome-extension_/chrome-extension_/chrome-extension_/GET.html]
[www.google.com/maps/place/104+Tremaine+Rd,+L9T+2W9+Milton/chrome-extension_/chrome-extension_/chrome-extension_/chrome-extension_/index.html]
[www.google.com/maps/place/104+Tremaine+Rd,+L9T+2W9+Milton/chrome-extension_/chrome-extension_/chrome-extension_/GET.html]
[www.google.com/maps/place/104+Tremaine+Rd,+L9T+2W9+Milton/chrome-extension_/chrome-extension_/chrome-extension_/chrome-extension_/GET.html]
[www.google.com/maps/place/104+Tremaine+Rd,+L9T+2W9+Milton/chrome-extension_/chrome-extension_/chrome-extension_/chrome-extension_/chrome-extension_/index.html]
[www.google.com/maps/place/104+Tremaine+Rd,+L9T+2W9+Milton/chrome-extension_/chrome-extension_/chrome-extension_/chrome-extension_/chrome-extension_/index.html]
[www.google.com/maps/place/104+Tremaine+Rd,+L9T+2W9+Milton/chrome-extension_/chrome-extension_/chrome-extension_/chrome-extension_/GET.html]
[www.google.com/maps/place/104+Tremaine+Rd,+L9T+2W9+Milton/chrome-extension_/chrome-extension_/chrome-extension_/chrome-extension_/chrome-extension_/GET.html]
[www.google.com/maps/place/104+Tremaine+Rd,+L9T+2W9+Milton/chrome-extension_/chrome-extension_/chrome-extension_/chrome-extension_/chrome-extension_/chrome-extensio/index.html]
[www.google.com/maps/place/104+Tremaine+Rd,+L9T+2W9+Milton/chrome-extension_/chrome-extension_/chrome-extension_/chrome-extension_/chrome-extension_/chrome-extensio/index.html]
[www.google.com/maps/place/104+Tremaine+Rd,+L9T+2W9+Milton/chrome-extension_/chrome-extension_/chrome-extension_/chrome-extension_/chrome-extension_/GET.html]
[www.google.com/maps/place/104+Tremaine+Rd,+L9T+2W9+Milton/chrome-extension_/chrome-extension_/chrome-extension_/chrome-extension_/chrome-extension_/chrome-exten/GET.168.delaye]
[www.google.com/maps/place/104+Tremaine+Rd,+L9T+2W9+Milton/chrome-extension_/chrome-extension_/chrome-extension_/chrome-extension_/chrome-extension_/chrome-extensio/index-2.html]
[www.google.com/maps/place/104+Tremaine+Rd,+L9T+2W9+Milton/chrome-extension_/chrome-extension_/chrome-extension_/chrome-extension_/chrome-extension_/chrome-extensio/index-2.html]
[www.google.com/maps/place/104+Tremaine+Rd,+L9T+2W9+Milton/chrome-extension_/chrome-extension_/chrome-extension_/chrome-extension_/chrome-extension_/chrome-exten/GET.168.delaye]
[www.google.com/maps/place/104+Tremaine+Rd,+L9T+2W9+Milton/chrome-extension_/chrome-extension_/chrome-extension_/chrome-extension_/chrome-extension_/chrome-exten/GET.169.delaye]
[www.google.com/maps/place/104+Tremaine+Rd,+L9T+2W9+Milton/chrome-extension_/chrome-extension_/chrome-extension_/chrome-extension_/chrome-extension_/chrome-extensio/index-3.html]
[www.google.com/maps/place/104+Tremaine+Rd,+L9T+2W9+Milton/chrome-extension_/chrome-extension_/chrome-extension_/chrome-extension_/chrome-extension_/chrome-extensio/index-3.html]
[www.google.com/maps/place/104+Tremaine+Rd,+L9T+2W9+Milton/chrome-extension_/chrome-extension_/chrome-extension_/chrome-extension_/chrome-extension_/chrome-exten/GET.169.delaye]
[www.google.com/maps/place/104+Tremaine+Rd,+L9T+2W9+Milton/chrome-extension_/chrome-extension_/chrome-extension_/chrome-extension_/chrome-extension_/chrome-exten/GET.16a.delaye]
[www.google.com/maps/place/104+Tremaine+Rd,+L9T+2W9+Milton/chrome-extension_/chrome-extension_/chrome-extension_/chrome-extension_/chrome-extension_/chrome-extensio/index-4.html]
[www.google.com/maps/place/104+Tremaine+Rd,+L9T+2W9+Milton/chrome-extension_/chrome-extension_/chrome-extension_/chrome-extension_/chrome-extension_/chrome-extensio/index-4.html]
[www.google.com/maps/place/104+Tremaine+Rd,+L9T+2W9+Milton/chrome-extension_/chrome-extension_/chrome-extension_/chrome-extension_/chrome-extension_/chrome-exten/GET.16a.delaye]
[www.google.com/maps/place/104+Tremaine+Rd,+L9T+2W9+Milton/chrome-extension_/chrome-extension_/chrome-extension_/chrome-extension_/chrome-extension_/chrome-extensio/index-5.html]
[www.google.com/maps/place/104+Tremaine+Rd,+L9T+2W9+Milton/chrome-extension_/chrome-extension_/chrome-extension_/chrome-extension_/chrome-extension_/chrome-extensio/index-5.html]
[www.google.com/maps/place/104+Tremaine+Rd,+L9T+2W9+Milton/chrome-extension_/chrome-extension_/chrome-extension_/chrome-extension_/chrome-extension_/chrome-exten/GET.16b.delaye]
[www.google.com/maps/place/104+Tremaine+Rd,+L9T+2W9+Milton/chrome-extension_/chrome-extension_/chrome-extension_/chrome-extension_/chrome-extension_/chrome-exten/GET.16b.delaye]
[www.google.com/maps/place/104+Tremaine+Rd,+L9T+2W9+Milton/chrome-extension_/chrome-extension_/chrome-extension_/chrome-extension_/chrome-extension_/chrome-extensio/index-6.html]
[www.google.com/maps/place/104+Tremaine+Rd,+L9T+2W9+Milton/chrome-extension_/chrome-extension_/chrome-extension_/chrome-extension_/chrome-extension_/chrome-extensio/index-6.html]
[www.google.com/maps/place/104+Tremaine+Rd,+L9T+2W9+Milton/chrome-extension_/chrome-extension_/chrome-extension_/chrome-extension_/chrome-extension_/chrome-exten/GET.16c.delaye]
[www.google.com/maps/place/104+Tremaine+Rd,+L9T+2W9+Milton/chrome-extension_/chrome-extension_/chrome-extension_/chrome-extension_/chrome-extension_/chrome-exten/GET.16c.delaye]
[www.google.com/maps/place/104+Tremaine+Rd,+L9T+2W9+Milton/chrome-extension_/chrome-extension_/chrome-extension_/chrome-extension_/chrome-extension_/chrome-exten/GET.16d.delaye]
[www.google.com/maps/place/104+Tremaine+Rd,+L9T+2W9+Milton/chrome-extension_/chrome-extension_/chrome-extension_/chrome-extension_/chrome-extension_/chrome-extensio/index-7.html]
[www.google.com/maps/place/104+Tremaine+Rd,+L9T+2W9+Milton/chrome-extension_/chrome-extension_/chrome-extension_/chrome-extension_/chrome-extension_/chrome-extensio/index-7.html]
[www.google.com/maps/place/104+Tremaine+Rd,+L9T+2W9+Milton/chrome-extension_/chrome-extension_/chrome-extension_/chrome-extension_/chrome-extension_/chrome-exten/GET.16d.delaye]
[www.google.com/maps/place/104+Tremaine+Rd,+L9T+2W9+Milton/chrome-extension_/chrome-extension_/chrome-extension_/chrome-extension_/chrome-extension_/chrome-extensio/index-8.html]
[www.google.com/maps/place/104+Tremaine+Rd,+L9T+2W9+Milton/chrome-extension_/chrome-extension_/chrome-extension_/chrome-extension_/chrome-extension_/chrome-extensio/index-8.html]
[www.google.com/maps/place/104+Tremaine+Rd,+L9T+2W9+Milton/chrome-extension_/chrome-extension_/chrome-extension_/chrome-extension_/chrome-extension_/chrome-exten/GET.16e.delaye]
[www.google.com/maps/place/104+Tremaine+Rd,+L9T+2W9+Milton/chrome-extension_/chrome-extension_/chrome-extension_/chrome-extension_/chrome-extension_/chrome-exten/GET.16e.delaye]
[www.google.com/maps/place/104+Tremaine+Rd,+L9T+2W9+Milton/chrome-extension_/chrome-extension_/chrome-extension_/chrome-extension_/chrome-extension_/chrome-exten/GET.16f.delaye]
[www.google.com/maps/place/104+Tremaine+Rd,+L9T+2W9+Milton/chrome-extension_/chrome-extension_/chrome-extension_/chrome-extension_/chrome-extension_/chrome-extensio/index-9.html]
[www.google.com/maps/place/104+Tremaine+Rd,+L9T+2W9+Milton/chrome-extension_/chrome-extension_/chrome-extension_/chrome-extension_/chrome-extension_/chrome-extensio/index-9.html]
[www.google.com/maps/place/104+Tremaine+Rd,+L9T+2W9+Milton/chrome-extension_/chrome-extension_/chrome-extension_/chrome-extension_/chrome-extension_/chrome-exten/GET.16f.delaye]
[www.google.com/maps/place/104+Tremaine+Rd,+L9T+2W9+Milton/chrome-extension_/chrome-extension_/chrome-extension_/chrome-extension_/chrome-extension_/chrome-extensio/index-10.html]
[www.google.com/maps/place/104+Tremaine+Rd,+L9T+2W9+Milton/chrome-extension_/chrome-extension_/chrome-extension_/chrome-extension_/chrome-extension_/chrome-extensio/index-10.html]
[www.google.com/maps/place/104+Tremaine+Rd,+L9T+2W9+Milton/chrome-extension_/chrome-extension_/chrome-extension_/chrome-extension_/chrome-extension_/chrome-exten/GET.170.delaye]
[www.google.com/maps/place/104+Tremaine+Rd,+L9T+2W9+Milton/chrome-extension_/chrome-extension_/chrome-extension_/chrome-extension_/chrome-extension_/chrome-exten/GET.170.delaye]
[www.google.com/maps/place/104+Tremaine+Rd,+L9T+2W9+Milton/chrome-extension_/chrome-extension_/chrome-extension_/chrome-extension_/chrome-extension_/chrome-exten/GET.171.delaye]
[www.google.com/maps/place/104+Tremaine+Rd,+L9T+2W9+Milton/chrome-extension_/chrome-extension_/chrome-extension_/chrome-extension_/chrome-extension_/chrome-extensio/index-11.html]
[www.google.com/maps/place/104+Tremaine+Rd,+L9T+2W9+Milton/chrome-extension_/chrome-extension_/chrome-extension_/chrome-extension_/chrome-extension_/chrome-extensio/index-11.html]
[www.google.com/maps/place/104+Tremaine+Rd,+L9T+2W9+Milton/chrome-extension_/chrome-extension_/chrome-extension_/chrome-extension_/chrome-extension_/chrome-exten/GET.171.delaye]
[www.google.com/maps/place/104+Tremaine+Rd,+L9T+2W9+Milton/chrome-extension_/chrome-extension_/chrome-extension_/chrome-extension_/chrome-extension_/chrome-exten/GET.172.delaye]
[www.google.com/maps/place/104+Tremaine+Rd,+L9T+2W9+Milton/chrome-extension_/chrome-extension_/chrome-extension_/chrome-extension_/chrome-extension_/chrome-extensio/index-12.html]
[www.google.com/maps/place/104+Tremaine+Rd,+L9T+2W9+Milton/chrome-extension_/chrome-extension_/chrome-extension_/chrome-extension_/chrome-extension_/chrome-extensio/index-12.html]
[www.google.com/maps/place/104+Tremaine+Rd,+L9T+2W9+Milton/chrome-extension_/chrome-extension_/chrome-extension_/chrome-extension_/chrome-extension_/chrome-exten/GET.172.delaye]
[www.google.com/maps/place/104+Tremaine+Rd,+L9T+2W9+Milton/chrome-extension_/chrome-extension_/chrome-extension_/chrome-extension_/chrome-extension_/chrome-exten/GET.173.delaye]
[www.google.com/maps/place/104+Tremaine+Rd,+L9T+2W9+Milton/chrome-extension_/chrome-extension_/chrome-extension_/chrome-extension_/chrome-extension_/chrome-extensio/index-13.html]
[www.google.com/maps/place/104+Tremaine+Rd,+L9T+2W9+Milton/chrome-extension_/chrome-extension_/chrome-extension_/chrome-extension_/chrome-extension_/chrome-extensio/index-13.html]
[www.google.com/maps/place/104+Tremaine+Rd,+L9T+2W9+Milton/chrome-extension_/chrome-extension_/chrome-extension_/chrome-extension_/chrome-extension_/chrome-exten/GET.173.delaye]
[www.google.com/maps/place/104+Tremaine+Rd,+L9T+2W9+Milton/chrome-extension_/chrome-extension_/chrome-extension_/chrome-extension_/chrome-extension_/chrome-extensio/index-14.html]
[www.google.com/maps/place/104+Tremaine+Rd,+L9T+2W9+Milton/chrome-extension_/chrome-extension_/chrome-extension_/chrome-extension_/chrome-extension_/chrome-extensio/index-14.html]
[www.google.com/maps/place/104+Tremaine+Rd,+L9T+2W9+Milton/chrome-extension_/chrome-extension_/chrome-extension_/chrome-extension_/chrome-extension_/chrome-exten/GET.174.delaye]
[www.google.com/maps/place/104+Tremaine+Rd,+L9T+2W9+Milton/chrome-extension_/chrome-extension_/chrome-extension_/chrome-extension_/chrome-extension_/chrome-exten/GET.174.delaye]
[www.google.com/maps/place/104+Tremaine+Rd,+L9T+2W9+Milton/chrome-extension_/chrome-extension_/chrome-extension_/chrome-extension_/chrome-extension_/chrome-exten/GET.175.delaye]
[www.google.com/maps/place/104+Tremaine+Rd,+L9T+2W9+Milton/chrome-extension_/chrome-extension_/chrome-extension_/chrome-extension_/chrome-extension_/chrome-extensio/index-15.html]
[www.google.com/maps/place/104+Tremaine+Rd,+L9T+2W9+Milton/chrome-extension_/chrome-extension_/chrome-extension_/chrome-extension_/chrome-extension_/chrome-extensio/index-15.html]
[www.google.com/maps/place/104+Tremaine+Rd,+L9T+2W9+Milton/chrome-extension_/chrome-extension_/chrome-extension_/chrome-extension_/chrome-extension_/chrome-exten/GET.175.delaye]
[www.google.com/maps/place/104+Tremaine+Rd,+L9T+2W9+Milton/chrome-extension_/chrome-extension_/chrome-extension_/chrome-extension_/chrome-extension_/chrome-extensio/index-16.html]
[www.google.com/maps/place/104+Tremaine+Rd,+L9T+2W9+Milton/chrome-extension_/chrome-extension_/chrome-extension_/chrome-extension_/chrome-extension_/chrome-extensio/index-16.html]
[www.google.com/maps/place/104+Tremaine+Rd,+L9T+2W9+Milton/chrome-extension_/chrome-extension_/chrome-extension_/chrome-extension_/chrome-extension_/chrome-exten/GET.176.delaye]
[www.google.com/maps/place/104+Tremaine+Rd,+L9T+2W9+Milton/chrome-extension_/chrome-extension_/chrome-extension_/chrome-extension_/chrome-extension_/chrome-exten/GET.176.delaye]
[www.google.com/maps/place/104+Tremaine+Rd,+L9T+2W9+Milton/chrome-extension_/chrome-extension_/chrome-extension_/chrome-extension_/chrome-extension_/chrome-exten/GET.177.delaye]
[www.google.com/maps/place/104+Tremaine+Rd,+L9T+2W9+Milton/chrome-extension_/chrome-extension_/chrome-extension_/chrome-extension_/chrome-extension_/chrome-extensio/index-17.html]
[www.google.com/maps/place/104+Tremaine+Rd,+L9T+2W9+Milton/chrome-extension_/chrome-extension_/chrome-extension_/chrome-extension_/chrome-extension_/chrome-extensio/index-17.html]
[www.google.com/maps/place/104+Tremaine+Rd,+L9T+2W9+Milton/chrome-extension_/chrome-extension_/chrome-extension_/chrome-extension_/chrome-extension_/chrome-exten/GET.177.delaye]
[www.google.com/maps/place/104+Tremaine+Rd,+L9T+2W9+Milton/chrome-extension_/chrome-extension_/chrome-extension_/chrome-extension_/chrome-extension_/chrome-exten/GET.178.delaye]
[www.google.com/maps/place/104+Tremaine+Rd,+L9T+2W9+Milton/chrome-extension_/chrome-extension_/chrome-extension_/chrome-extension_/chrome-extension_/chrome-extensio/index-18.html]
[www.google.com/maps/place/104+Tremaine+Rd,+L9T+2W9+Milton/chrome-extension_/chrome-extension_/chrome-extension_/chrome-extension_/chrome-extension_/chrome-extensio/index-18.html]
[www.google.com/maps/place/104+Tremaine+Rd,+L9T+2W9+Milton/chrome-extension_/chrome-extension_/chrome-extension_/chrome-extension_/chrome-extension_/chrome-exten/GET.178.delaye]
[www.google.com/maps/place/104+Tremaine+Rd,+L9T+2W9+Milton/chrome-extension_/chrome-extension_/chrome-extension_/chrome-extension_/chrome-extension_/chrome-exten/GET.179.delaye]
[www.google.com/maps/place/104+Tremaine+Rd,+L9T+2W9+Milton/chrome-extension_/chrome-extension_/chrome-extension_/chrome-extension_/chrome-extension_/chrome-extensio/index-19.html]
[www.google.com/maps/place/104+Tremaine+Rd,+L9T+2W9+Milton/chrome-extension_/chrome-extension_/chrome-extension_/chrome-extension_/chrome-extension_/chrome-extensio/index-19.html]
[www.google.com/maps/place/104+Tremaine+Rd,+L9T+2W9+Milton/chrome-extension_/chrome-extension_/chrome-extension_/chrome-extension_/chrome-extension_/chrome-exten/GET.179.delaye]
[www.google.com/maps/place/104+Tremaine+Rd,+L9T+2W9+Milton/chrome-extension_/chrome-extension_/chrome-extension_/chrome-extension_/chrome-extension_/chrome-exten/GET.17a.delaye]
[www.google.com/maps/place/104+Tremaine+Rd,+L9T+2W9+Milton/chrome-extension_/chrome-extension_/chrome-extension_/chrome-extension_/chrome-extension_/chrome-extensio/index-20.html]
[www.google.com/maps/place/104+Tremaine+Rd,+L9T+2W9+Milton/chrome-extension_/chrome-extension_/chrome-extension_/chrome-extension_/chrome-extension_/chrome-extensio/index-20.html]
[www.google.com/maps/place/104+Tremaine+Rd,+L9T+2W9+Milton/chrome-extension_/chrome-extension_/chrome-extension_/chrome-extension_/chrome-extension_/chrome-exten/GET.17a.delaye]
[www.google.com/maps/place/104+Tremaine+Rd,+L9T+2W9+Milton/chrome-extension_/chrome-extension_/chrome-extension_/chrome-extension_/chrome-extension_/chrome-exten/GET.17b.delaye]
[www.google.com/maps/place/104+Tremaine+Rd,+L9T+2W9+Milton/chrome-extension_/chrome-extension_/chrome-extension_/chrome-extension_/chrome-extension_/chrome-extensio/index-21.html]
[www.google.com/maps/place/104+Tremaine+Rd,+L9T+2W9+Milton/chrome-extension_/chrome-extension_/chrome-extension_/chrome-extension_/chrome-extension_/chrome-extensio/index-21.html]
[www.google.com/maps/place/104+Tremaine+Rd,+L9T+2W9+Milton/chrome-extension_/chrome-extension_/chrome-extension_/chrome-extension_/chrome-extension_/chrome-exten/GET.17b.delaye]
[www.google.com/maps/place/104+Tremaine+Rd,+L9T+2W9+Milton/chrome-extension_/chrome-extension_/chrome-extension_/chrome-extension_/chrome-extension_/chrome-exten/GET.17c.delaye]
[www.google.com/maps/place/104+Tremaine+Rd,+L9T+2W9+Milton/chrome-extension_/chrome-extension_/chrome-extension_/chrome-extension_/chrome-extension_/chrome-extensio/index-22.html]
[www.google.com/maps/place/104+Tremaine+Rd,+L9T+2W9+Milton/chrome-extension_/chrome-extension_/chrome-extension_/chrome-extension_/chrome-extension_/chrome-extensio/index-22.html]
[www.google.com/maps/place/104+Tremaine+Rd,+L9T+2W9+Milton/chrome-extension_/chrome-extension_/chrome-extension_/chrome-extension_/chrome-extension_/chrome-exten/GET.17c.delaye]
[www.google.com/maps/place/104+Tremaine+Rd,+L9T+2W9+Milton/chrome-extension_/chrome-extension_/chrome-extension_/chrome-extension_/chrome-extension_/chrome-exten/GET.17d.delaye]
[www.google.com/maps/place/104+Tremaine+Rd,+L9T+2W9+Milton/chrome-extension_/chrome-extension_/chrome-extension_/chrome-extension_/chrome-extension_/chrome-extensio/index-23.html]
[www.google.com/maps/place/104+Tremaine+Rd,+L9T+2W9+Milton/chrome-extension_/chrome-extension_/chrome-extension_/chrome-extension_/chrome-extension_/chrome-extensio/index-23.html]
[www.google.com/maps/place/104+Tremaine+Rd,+L9T+2W9+Milton/chrome-extension_/chrome-extension_/chrome-extension_/chrome-extension_/chrome-extension_/chrome-exten/GET.17d.delaye]
[www.google.com/maps/place/104+Tremaine+Rd,+L9T+2W9+Milton/chrome-extension_/chrome-extension_/chrome-extension_/chrome-extension_/chrome-extension_/chrome-exten/GET.17e.delaye]
[www.google.com/maps/place/104+Tremaine+Rd,+L9T+2W9+Milton/chrome-extension_/chrome-extension_/chrome-extension_/chrome-extension_/chrome-extension_/chrome-extensio/index-24.html]
[www.google.com/maps/place/104+Tremaine+Rd,+L9T+2W9+Milton/chrome-extension_/chrome-extension_/chrome-extension_/chrome-extension_/chrome-extension_/chrome-extensio/index-24.html]
[www.google.com/maps/place/104+Tremaine+Rd,+L9T+2W9+Milton/chrome-extension_/chrome-extension_/chrome-extension_/chrome-extension_/chrome-extension_/chrome-exten/GET.17e.delaye]
[www.google.com/maps/place/104+Tremaine+Rd,+L9T+2W9+Milton/chrome-extension_/chrome-extension_/chrome-extension_/chrome-extension_/chrome-extension_/chrome-exten/GET.17f.delaye]
[www.google.com/maps/place/104+Tremaine+Rd,+L9T+2W9+Milton/chrome-extension_/chrome-extension_/chrome-extension_/chrome-extension_/chrome-extension_/chrome-extensio/index-25.html]
[www.google.com/maps/place/104+Tremaine+Rd,+L9T+2W9+Milton/chrome-extension_/chrome-extension_/chrome-extension_/chrome-extension_/chrome-extension_/chrome-extensio/index-25.html]
[www.google.com/maps/place/104+Tremaine+Rd,+L9T+2W9+Milton/chrome-extension_/chrome-extension_/chrome-extension_/chrome-extension_/chrome-extension_/chrome-exten/GET.17f.delaye]
[www.google.com/maps/place/104+Tremaine+Rd,+L9T+2W9+Milton/chrome-extension_/chrome-extension_/chrome-extension_/chrome-extension_/chrome-extension_/chrome-exten/GET.180.delaye]
[www.google.com/maps/place/104+Tremaine+Rd,+L9T+2W9+Milton/chrome-extension_/chrome-extension_/chrome-extension_/chrome-extension_/chrome-extension_/chrome-extensio/index-26.html]
[www.google.com/maps/place/104+Tremaine+Rd,+L9T+2W9+Milton/chrome-extension_/chrome-extension_/chrome-extension_/chrome-extension_/chrome-extension_/chrome-extensio/index-26.html]
[www.google.com/maps/place/104+Tremaine+Rd,+L9T+2W9+Milton/chrome-extension_/chrome-extension_/chrome-extension_/chrome-extension_/chrome-extension_/chrome-exten/GET.180.delaye]
[www.google.com/maps/place/104+Tremaine+Rd,+L9T+2W9+Milton/chrome-extension_/chrome-extension_/chrome-extension_/chrome-extension_/chrome-extension_/chrome-exten/GET.181.delaye]
[www.google.com/maps/place/104+Tremaine+Rd,+L9T+2W9+Milton/chrome-extension_/chrome-extension_/chrome-extension_/chrome-extension_/chrome-extension_/chrome-extensio/index-27.html]
[www.google.com/maps/place/104+Tremaine+Rd,+L9T+2W9+Milton/chrome-extension_/chrome-extension_/chrome-extension_/chrome-extension_/chrome-extension_/chrome-extensio/index-27.html]
[www.google.com/maps/place/104+Tremaine+Rd,+L9T+2W9+Milton/chrome-extension_/chrome-extension_/chrome-extension_/chrome-extension_/chrome-extension_/chrome-exten/GET.181.delaye]
[www.google.com/maps/place/104+Tremaine+Rd,+L9T+2W9+Milton/chrome-extension_/chrome-extension_/chrome-extension_/chrome-extension_/chrome-extension_/chrome-exten/GET.182.delaye]
[www.google.com/maps/place/104+Tremaine+Rd,+L9T+2W9+Milton/chrome-extension_/chrome-extension_/chrome-extension_/chrome-extension_/chrome-extension_/chrome-extensio/index-28.html]
[www.google.com/maps/place/104+Tremaine+Rd,+L9T+2W9+Milton/chrome-extension_/chrome-extension_/chrome-extension_/chrome-extension_/chrome-extension_/chrome-extensio/index-28.html]
[www.google.com/maps/place/104+Tremaine+Rd,+L9T+2W9+Milton/chrome-extension_/chrome-extension_/chrome-extension_/chrome-extension_/chrome-extension_/chrome-exten/GET.182.delaye]
[www.google.com/maps/place/104+Tremaine+Rd,+L9T+2W9+Milton/chrome-extension_/chrome-extension_/chrome-extension_/chrome-extension_/chrome-extension_/chrome-exten/GET.183.delaye]
[www.google.com/maps/place/104+Tremaine+Rd,+L9T+2W9+Milton/chrome-extension_/chrome-extension_/chrome-extension_/chrome-extension_/chrome-extension_/chrome-extensio/index-29.html]
[www.google.com/maps/place/104+Tremaine+Rd,+L9T+2W9+Milton/chrome-extension_/chrome-extension_/chrome-extension_/chrome-extension_/chrome-extension_/chrome-extensio/index-29.html]
[www.google.com/maps/place/104+Tremaine+Rd,+L9T+2W9+Milton/chrome-extension_/chrome-extension_/chrome-extension_/chrome-extension_/chrome-extension_/chrome-exten/GET.183.delaye]
[www.google.com/maps/place/104+Tremaine+Rd,+L9T+2W9+Milton/chrome-extension_/chrome-extension_/chrome-extension_/chrome-extension_/chrome-extension_/chrome-exten/GET.184.delaye]
[www.google.com/maps/place/104+Tremaine+Rd,+L9T+2W9+Milton/chrome-extension_/chrome-extension_/chrome-extension_/chrome-extension_/chrome-extension_/chrome-extensio/index-30.html]
[www.google.com/maps/place/104+Tremaine+Rd,+L9T+2W9+Milton/chrome-extension_/chrome-extension_/chrome-extension_/chrome-extension_/chrome-extension_/chrome-extensio/index-30.html]
[www.google.com/maps/place/104+Tremaine+Rd,+L9T+2W9+Milton/chrome-extension_/chrome-extension_/chrome-extension_/chrome-extension_/chrome-extension_/chrome-exten/GET.184.delaye]
[www.google.com/maps/place/104+Tremaine+Rd,+L9T+2W9+Milton/chrome-extension_/chrome-extension_/chrome-extension_/chrome-extension_/chrome-extension_/chrome-extensio/index-31.html]
[www.google.com/maps/place/104+Tremaine+Rd,+L9T+2W9+Milton/chrome-extension_/chrome-extension_/chrome-extension_/chrome-extension_/chrome-extension_/chrome-extensio/index-31.html]
[www.google.com/maps/place/104+Tremaine+Rd,+L9T+2W9+Milton/chrome-extension_/chrome-extension_/chrome-extension_/chrome-extension_/chrome-extension_/chrome-exten/GET.185.delaye]
[www.google.com/maps/place/104+Tremaine+Rd,+L9T+2W9+Milton/chrome-extension_/chrome-extension_/chrome-extension_/chrome-extension_/chrome-extension_/chrome-exten/GET.185.delaye]
[www.google.com/maps/place/104+Tremaine+Rd,+L9T+2W9+Milton/chrome-extension_/chrome-extension_/chrome-extension_/chrome-extension_/chrome-extension_/chrome-exten/GET.186.delaye]
[www.google.com/maps/place/104+Tremaine+Rd,+L9T+2W9+Milton/chrome-extension_/chrome-extension_/chrome-extension_/chrome-extension_/chrome-extension_/chrome-extensio/index-32.html]
[www.google.com/maps/place/104+Tremaine+Rd,+L9T+2W9+Milton/chrome-extension_/chrome-extension_/chrome-extension_/chrome-extension_/chrome-extension_/chrome-extensio/index-32.html]
[www.google.com/maps/place/104+Tremaine+Rd,+L9T+2W9+Milton/chrome-extension_/chrome-extension_/chrome-extension_/chrome-extension_/chrome-extension_/chrome-exten/GET.186.delaye]
[www.google.com/maps/place/104+Tremaine+Rd,+L9T+2W9+Milton/chrome-extension_/chrome-extension_/chrome-extension_/chrome-extension_/chrome-extension_/chrome-exten/GET.187.delaye]
[www.google.com/maps/place/104+Tremaine+Rd,+L9T+2W9+Milton/chrome-extension_/chrome-extension_/chrome-extension_/chrome-extension_/chrome-extension_/chrome-extensio/index-33.html]
[www.google.com/maps/place/104+Tremaine+Rd,+L9T+2W9+Milton/chrome-extension_/chrome-extension_/chrome-extension_/chrome-extension_/chrome-extension_/chrome-extensio/index-33.html]
[www.google.com/maps/place/104+Tremaine+Rd,+L9T+2W9+Milton/chrome-extension_/chrome-extension_/chrome-extension_/chrome-extension_/chrome-extension_/chrome-exten/GET.187.delaye]
[www.google.com/maps/place/104+Tremaine+Rd,+L9T+2W9+Milton/chrome-extension_/chrome-extension_/chrome-extension_/chrome-extension_/chrome-extension_/chrome-extensio/index-34.html]
[www.google.com/maps/place/104+Tremaine+Rd,+L9T+2W9+Milton/chrome-extension_/chrome-extension_/chrome-extension_/chrome-extension_/chrome-extension_/chrome-extensio/index-34.html]
[www.google.com/maps/place/104+Tremaine+Rd,+L9T+2W9+Milton/chrome-extension_/chrome-extension_/chrome-extension_/chrome-extension_/chrome-extension_/chrome-exten/GET.188.delaye]
[www.google.com/maps/place/104+Tremaine+Rd,+L9T+2W9+Milton/chrome-extension_/chrome-extension_/chrome-extension_/chrome-extension_/chrome-extension_/chrome-exten/GET.188.delaye]
[www.google.com/maps/place/104+Tremaine+Rd,+L9T+2W9+Milton/chrome-extension_/chrome-extension_/chrome-extension_/chrome-extension_/chrome-extension_/chrome-extensio/index-35.html]
[www.google.com/maps/place/104+Tremaine+Rd,+L9T+2W9+Milton/chrome-extension_/chrome-extension_/chrome-extension_/chrome-extension_/chrome-extension_/chrome-extensio/index-35.html]
[www.google.com/maps/place/104+Tremaine+Rd,+L9T+2W9+Milton/chrome-extension_/chrome-extension_/chrome-extension_/chrome-extension_/chrome-extension_/chrome-exten/GET.189.delaye]
[www.google.com/maps/place/104+Tremaine+Rd,+L9T+2W9+Milton/chrome-extension_/chrome-extension_/chrome-extension_/chrome-extension_/chrome-extension_/chrome-exten/GET.189.delaye]
[www.google.com/maps/place/104+Tremaine+Rd,+L9T+2W9+Milton/chrome-extension_/chrome-extension_/chrome-extension_/chrome-extension_/chrome-extension_/chrome-extensio/index-36.html]
[www.google.com/maps/place/104+Tremaine+Rd,+L9T+2W9+Milton/chrome-extension_/chrome-extension_/chrome-extension_/chrome-extension_/chrome-extension_/chrome-extensio/index-36.html]
[www.google.com/maps/place/104+Tremaine+Rd,+L9T+2W9+Milton/chrome-extension_/chrome-extension_/chrome-extension_/chrome-extension_/chrome-extension_/chrome-exten/GET.18a.delaye]
[www.google.com/maps/place/104+Tremaine+Rd,+L9T+2W9+Milton/chrome-extension_/chrome-extension_/chrome-extension_/chrome-extension_/chrome-extension_/chrome-exten/GET.18a.delaye]
[www.google.com/maps/place/104+Tremaine+Rd,+L9T+2W9+Milton/chrome-extension_/chrome-extension_/chrome-extension_/chrome-extension_/chrome-extension_/chrome-exten/GET.18b.delaye]
[www.google.com/maps/place/104+Tremaine+Rd,+L9T+2W9+Milton/chrome-extension_/chrome-extension_/chrome-extension_/chrome-extension_/chrome-extension_/chrome-extensio/index-37.html]
[www.google.com/maps/place/104+Tremaine+Rd,+L9T+2W9+Milton/chrome-extension_/chrome-extension_/chrome-extension_/chrome-extension_/chrome-extension_/chrome-extensio/index-37.html]
[www.google.com/maps/place/104+Tremaine+Rd,+L9T+2W9+Milton/chrome-extension_/chrome-extension_/chrome-extension_/chrome-extension_/chrome-extension_/chrome-exten/GET.18b.delaye]
[www.google.com/maps/place/104+Tremaine+Rd,+L9T+2W9+Milton/chrome-extension_/chrome-extension_/chrome-extension_/chrome-extension_/chrome-extension_/chrome-exten/GET.18c.delaye]
[www.google.com/maps/place/104+Tremaine+Rd,+L9T+2W9+Milton/chrome-extension_/chrome-extension_/chrome-extension_/chrome-extension_/chrome-extension_/chrome-extensio/index-38.html]
[www.google.com/maps/place/104+Tremaine+Rd,+L9T+2W9+Milton/chrome-extension_/chrome-extension_/chrome-extension_/chrome-extension_/chrome-extension_/chrome-extensio/index-38.html]
[www.google.com/maps/place/104+Tremaine+Rd,+L9T+2W9+Milton/chrome-extension_/chrome-extension_/chrome-extension_/chrome-extension_/chrome-extension_/chrome-exten/GET.18c.delaye]
[www.google.com/maps/place/104+Tremaine+Rd,+L9T+2W9+Milton/chrome-extension_/chrome-extension_/chrome-extension_/chrome-extension_/chrome-extension_/chrome-exten/GET.18d.delaye]
[www.google.com/maps/place/104+Tremaine+Rd,+L9T+2W9+Milton/chrome-extension_/chrome-extension_/chrome-extension_/chrome-extension_/chrome-extension_/chrome-extensio/index-39.html]
[www.google.com/maps/place/104+Tremaine+Rd,+L9T+2W9+Milton/chrome-extension_/chrome-extension_/chrome-extension_/chrome-extension_/chrome-extension_/chrome-extensio/index-39.html]
[www.google.com/maps/place/104+Tremaine+Rd,+L9T+2W9+Milton/chrome-extension_/chrome-extension_/chrome-extension_/chrome-extension_/chrome-extension_/chrome-exten/GET.18d.delaye]
[www.google.com/maps/place/104+Tremaine+Rd,+L9T+2W9+Milton/chrome-extension_/chrome-extension_/chrome-extension_/chrome-extension_/chrome-extension_/chrome-extensio/index-40.html]
[www.google.com/maps/place/104+Tremaine+Rd,+L9T+2W9+Milton/chrome-extension_/chrome-extension_/chrome-extension_/chrome-extension_/chrome-extension_/chrome-extensio/index-40.html]
[www.google.com/maps/place/104+Tremaine+Rd,+L9T+2W9+Milton/chrome-extension_/chrome-extension_/chrome-extension_/chrome-extension_/chrome-extension_/chrome-exten/GET.18e.delaye]
[www.google.com/maps/place/104+Tremaine+Rd,+L9T+2W9+Milton/chrome-extension_/chrome-extension_/chrome-extension_/chrome-extension_/chrome-extension_/chrome-exten/GET.18e.delaye]
[www.google.com/maps/place/104+Tremaine+Rd,+L9T+2W9+Milton/chrome-extension_/chrome-extension_/chrome-extension_/chrome-extension_/chrome-extension_/chrome-exten/GET.18f.delaye]
[www.google.com/maps/place/104+Tremaine+Rd,+L9T+2W9+Milton/chrome-extension_/chrome-extension_/chrome-extension_/chrome-extension_/chrome-extension_/chrome-extensio/index-41.html]
[www.google.com/maps/place/104+Tremaine+Rd,+L9T+2W9+Milton/chrome-extension_/chrome-extension_/chrome-extension_/chrome-extension_/chrome-extension_/chrome-extensio/index-41.html]
[www.google.com/maps/place/104+Tremaine+Rd,+L9T+2W9+Milton/chrome-extension_/chrome-extension_/chrome-extension_/chrome-extension_/chrome-extension_/chrome-exten/GET.18f.delaye]
[www.google.com/maps/place/104+Tremaine+Rd,+L9T+2W9+Milton/chrome-extension_/chrome-extension_/chrome-extension_/chrome-extension_/chrome-extension_/chrome-extensio/index-42.html]
[www.google.com/maps/place/104+Tremaine+Rd,+L9T+2W9+Milton/chrome-extension_/chrome-extension_/chrome-extension_/chrome-extension_/chrome-extension_/chrome-extensio/index-42.html]
[www.google.com/maps/place/104+Tremaine+Rd,+L9T+2W9+Milton/chrome-extension_/chrome-extension_/chrome-extension_/chrome-extension_/chrome-extension_/chrome-exten/GET.190.delaye]
[www.google.com/maps/place/104+Tremaine+Rd,+L9T+2W9+Milton/chrome-extension_/chrome-extension_/chrome-extension_/chrome-extension_/chrome-extension_/chrome-exten/GET.190.delaye]
[www.google.com/maps/place/104+Tremaine+Rd,+L9T+2W9+Milton/chrome-extension_/chrome-extension_/chrome-extension_/chrome-extension_/chrome-extension_/chrome-exten/GET.191.delaye]
[www.google.com/maps/place/104+Tremaine+Rd,+L9T+2W9+Milton/chrome-extension_/chrome-extension_/chrome-extension_/chrome-extension_/chrome-extension_/chrome-extensio/index-43.html]
[www.google.com/maps/place/104+Tremaine+Rd,+L9T+2W9+Milton/chrome-extension_/chrome-extension_/chrome-extension_/chrome-extension_/chrome-extension_/chrome-extensio/index-43.html]
[www.google.com/maps/place/104+Tremaine+Rd,+L9T+2W9+Milton/chrome-extension_/chrome-extension_/chrome-extension_/chrome-extension_/chrome-extension_/chrome-exten/GET.191.delaye]
[www.google.com/maps/place/104+Tremaine+Rd,+L9T+2W9+Milton/chrome-extension_/chrome-extension_/chrome-extension_/chrome-extension_/chrome-extension_/chrome-extensio/index-44.html]
[www.google.com/maps/place/104+Tremaine+Rd,+L9T+2W9+Milton/chrome-extension_/chrome-extension_/chrome-extension_/chrome-extension_/chrome-extension_/chrome-extensio/index-44.html]
[www.google.com/maps/place/104+Tremaine+Rd,+L9T+2W9+Milton/chrome-extension_/chrome-extension_/chrome-extension_/chrome-extension_/chrome-extension_/chrome-exten/GET.192.delaye]
[www.google.com/maps/place/104+Tremaine+Rd,+L9T+2W9+Milton/chrome-extension_/chrome-extension_/chrome-extension_/chrome-extension_/chrome-extension_/chrome-exten/GET.192.delaye]
[www.google.com/maps/place/104+Tremaine+Rd,+L9T+2W9+Milton/chrome-extension_/chrome-extension_/chrome-extension_/chrome-extension_/chrome-extension_/chrome-exten/GET.193.delaye]
[www.google.com/maps/place/104+Tremaine+Rd,+L9T+2W9+Milton/chrome-extension_/chrome-extension_/chrome-extension_/chrome-extension_/chrome-extension_/chrome-extensio/index-45.html]
[www.google.com/maps/place/104+Tremaine+Rd,+L9T+2W9+Milton/chrome-extension_/chrome-extension_/chrome-extension_/chrome-extension_/chrome-extension_/chrome-extensio/index-45.html]
[www.google.com/maps/place/104+Tremaine+Rd,+L9T+2W9+Milton/chrome-extension_/chrome-extension_/chrome-extension_/chrome-extension_/chrome-extension_/chrome-exten/GET.193.delaye]
[www.google.com/maps/place/104+Tremaine+Rd,+L9T+2W9+Milton/chrome-extension_/chrome-extension_/chrome-extension_/chrome-extension_/chrome-extension_/chrome-extensio/index-46.html]
[www.google.com/maps/place/104+Tremaine+Rd,+L9T+2W9+Milton/chrome-extension_/chrome-extension_/chrome-extension_/chrome-extension_/chrome-extension_/chrome-extensio/index-46.html]
[www.google.com/maps/place/104+Tremaine+Rd,+L9T+2W9+Milton/chrome-extension_/chrome-extension_/chrome-extension_/chrome-extension_/chrome-extension_/chrome-exten/GET.194.delaye]
[www.google.com/maps/place/104+Tremaine+Rd,+L9T+2W9+Milton/chrome-extension_/chrome-extension_/chrome-extension_/chrome-extension_/chrome-extension_/chrome-exten/GET.194.delaye]
[www.google.com/maps/place/104+Tremaine+Rd,+L9T+2W9+Milton/chrome-extension_/chrome-extension_/chrome-extension_/chrome-extension_/chrome-extension_/chrome-exten/GET.195.delaye]
[www.google.com/maps/place/104+Tremaine+Rd,+L9T+2W9+Milton/chrome-extension_/chrome-extension_/chrome-extension_/chrome-extension_/chrome-extension_/chrome-exten/GET.195.delaye]
